------------------------------------------------------------
Timing Analyzer Summary
------------------------------------------------------------

Type  : Slow 1200mV 85C Model Setup 'clk'
Slack : 11.931
TNS   : 0.000

Type  : Slow 1200mV 85C Model Hold 'clk'
Slack : 0.402
TNS   : 0.000

Type  : Slow 1200mV 85C Model Recovery 'clk'
Slack : 31.119
TNS   : 0.000

Type  : Slow 1200mV 85C Model Removal 'clk'
Slack : 2.734
TNS   : 0.000

Type  : Slow 1200mV 85C Model Minimum Pulse Width 'clk'
Slack : 18.141
TNS   : 0.000

Type  : Slow 1200mV 0C Model Setup 'clk'
Slack : 14.164
TNS   : 0.000

Type  : Slow 1200mV 0C Model Hold 'clk'
Slack : 0.354
TNS   : 0.000

Type  : Slow 1200mV 0C Model Recovery 'clk'
Slack : 31.583
TNS   : 0.000

Type  : Slow 1200mV 0C Model Removal 'clk'
Slack : 2.510
TNS   : 0.000

Type  : Slow 1200mV 0C Model Minimum Pulse Width 'clk'
Slack : 18.164
TNS   : 0.000

Type  : Fast 1200mV 0C Model Setup 'clk'
Slack : 23.401
TNS   : 0.000

Type  : Fast 1200mV 0C Model Hold 'clk'
Slack : 0.181
TNS   : 0.000

Type  : Fast 1200mV 0C Model Recovery 'clk'
Slack : 33.962
TNS   : 0.000

Type  : Fast 1200mV 0C Model Removal 'clk'
Slack : 1.359
TNS   : 0.000

Type  : Fast 1200mV 0C Model Minimum Pulse Width 'clk'
Slack : 17.891
TNS   : 0.000

------------------------------------------------------------
